#
# There is insufficient memory for the Java Runtime Environment to continue.
# Native memory allocation (malloc) failed to allocate 32744 bytes. Error detail: Chunk::new
# Possible reasons:
#   The system is out of physical RAM or swap space
#   This process is running with CompressedOops enabled, and the Java Heap may be blocking the growth of the native heap
# Possible solutions:
#   Reduce memory load on the system
#   Increase physical memory or swap space
#   Check if swap backing store is full
#   Decrease Java heap size (-Xmx/-Xms)
#   Decrease number of Java threads
#   Decrease Java thread stack sizes (-Xss)
#   Set larger code cache with -XX:ReservedCodeCacheSize=
#   JVM is running with Unscaled Compressed Oops mode in which the Java heap is
#     placed in the first 4GB address space. The Java Heap base address is the
#     maximum limit for the native heap growth. Please use -XX:HeapBaseMinAddress
#     to set the Java Heap base and to place the Java Heap above 4GB virtual address.
# This output file may be truncated or incomplete.
#
#  Out of Memory Error (arena.cpp:168), pid=7052, tid=8824
#
# JRE version: OpenJDK Runtime Environment JBR-21.0.8+1-1038.68-jcef (21.0.8+1) (build 21.0.8+1-b1038.68)
# Java VM: OpenJDK 64-Bit Server VM JBR-21.0.8+1-1038.68-jcef (21.0.8+1-b1038.68, mixed mode, sharing, tiered, compressed oops, compressed class ptrs, g1 gc, windows-amd64)
# No core dump will be written. Minidumps are not enabled by default on client versions of Windows
#

---------------  S U M M A R Y ------------

Command Line: -Djava.rmi.server.hostname=127.0.0.1 -Duser.timezone=UTC -Xmx2048m -Xms128m -Djdbc.classpath=C:\Users\Admin\AppData\Local\Temp\RemoteDriver.classpath.txt --add-exports=java.desktop/sun.awt=ALL-UNNAMED --add-exports=java.desktop/java.awt.peer=ALL-UNNAMED --add-opens=java.desktop/java.awt=ALL-UNNAMED --add-opens=jdk.unsupported/sun.misc=ALL-UNNAMED --add-opens=java.base/java.nio=ALL-UNNAMED --add-opens=java.base/java.util=ALL-UNNAMED -Dfile.encoding=UTF-8 -Dsun.stdout.encoding=UTF-8 -Dsun.stderr.encoding=UTF-8 com.intellij.database.remote.RemoteJdbcServer org.postgresql.Driver

Host: 12th Gen Intel(R) Core(TM) i5-12450H, 12 cores, 15G,  Windows 11 , 64 bit Build 26100 (10.0.26100.7623)
Time: Sat Jan 17 10:28:27 2026 SE Asia Standard Time elapsed time: 333.487404 seconds (0d 0h 5m 33s)

---------------  T H R E A D  ---------------

Current thread (0x000001f2b3dfde00):  JavaThread "C1 CompilerThread0" daemon [_thread_in_native, id=8824, stack(0x000000676b500000,0x000000676b600000) (1024K)]


Current CompileTask:
C1:333487 2293   !   3       java.io.ObjectInputStream::readOrdinaryObject (373 bytes)

Stack: [0x000000676b500000,0x000000676b600000]
Native frames: (J=compiled Java code, j=interpreted, Vv=VM code, C=native code)
V  [jvm.dll+0x6ebeb9]
V  [jvm.dll+0x8cbec3]
V  [jvm.dll+0x8ce47e]
V  [jvm.dll+0x8ceb63]
V  [jvm.dll+0x28adf6]
V  [jvm.dll+0xc6f3d]
V  [jvm.dll+0xc7473]
V  [jvm.dll+0x19b60e]
V  [jvm.dll+0x1a0815]
V  [jvm.dll+0x158cf3]
V  [jvm.dll+0x158598]
V  [jvm.dll+0x1587d6]
V  [jvm.dll+0x157b4f]
V  [jvm.dll+0x159971]
V  [jvm.dll+0x260bfe]
V  [jvm.dll+0x25f146]
V  [jvm.dll+0x402ee6]
V  [jvm.dll+0x873a78]
V  [jvm.dll+0x6ea63d]
C  [ucrtbase.dll+0x37b0]
C  [KERNEL32.DLL+0x2e8d7]
C  [ntdll.dll+0x8c53c]


---------------  P R O C E S S  ---------------

Threads class SMR info:
_java_thread_list=0x000001f2fb20ed10, length=20, elements={
0x000001f299037f90, 0x000001f2b3de0340, 0x000001f2b3de2470, 0x000001f2b3de8000,
0x000001f2b3dece00, 0x000001f2b3def990, 0x000001f2b3df1110, 0x000001f2b3df9b80,
0x000001f2b3dfc350, 0x000001f2b3dfde00, 0x000001f2fa13d930, 0x000001f2fa140090,
0x000001f2fa13dfc0, 0x000001f2fa140720, 0x000001f2fa13e650, 0x000001f2fa13d2a0,
0x000001f2fa13ece0, 0x000001f2fa13fa00, 0x000001f2fa4ad3e0, 0x000001f2fa4af4b0
}

Java Threads: ( => current thread )
  0x000001f299037f90 JavaThread "main"                              [_thread_blocked, id=28752, stack(0x000000676a500000,0x000000676a600000) (1024K)]
  0x000001f2b3de0340 JavaThread "Common-Cleaner"             daemon [_thread_blocked, id=26748, stack(0x000000676ad00000,0x000000676ae00000) (1024K)]
  0x000001f2b3de2470 JavaThread "Reference Handler"          daemon [_thread_blocked, id=20992, stack(0x000000676ae00000,0x000000676af00000) (1024K)]
  0x000001f2b3de8000 JavaThread "Finalizer"                  daemon [_thread_blocked, id=28484, stack(0x000000676af00000,0x000000676b000000) (1024K)]
  0x000001f2b3dece00 JavaThread "Signal Dispatcher"          daemon [_thread_blocked, id=15872, stack(0x000000676b000000,0x000000676b100000) (1024K)]
  0x000001f2b3def990 JavaThread "Attach Listener"            daemon [_thread_blocked, id=16988, stack(0x000000676b100000,0x000000676b200000) (1024K)]
  0x000001f2b3df1110 JavaThread "Service Thread"             daemon [_thread_blocked, id=27852, stack(0x000000676b200000,0x000000676b300000) (1024K)]
  0x000001f2b3df9b80 JavaThread "Monitor Deflation Thread"   daemon [_thread_blocked, id=28560, stack(0x000000676b300000,0x000000676b400000) (1024K)]
  0x000001f2b3dfc350 JavaThread "C2 CompilerThread0"         daemon [_thread_blocked, id=28744, stack(0x000000676b400000,0x000000676b500000) (1024K)]
=>0x000001f2b3dfde00 JavaThread "C1 CompilerThread0"         daemon [_thread_in_native, id=8824, stack(0x000000676b500000,0x000000676b600000) (1024K)]
  0x000001f2fa13d930 JavaThread "Notification Thread"        daemon [_thread_blocked, id=29536, stack(0x000000676b600000,0x000000676b700000) (1024K)]
  0x000001f2fa140090 JavaThread "RMI TCP Accept-38768"       daemon [_thread_in_native, id=28700, stack(0x000000676b800000,0x000000676b900000) (1024K)]
  0x000001f2fa13dfc0 JavaThread "RMI TCP Accept-0"           daemon [_thread_in_native, id=29476, stack(0x000000676b900000,0x000000676ba00000) (1024K)]
  0x000001f2fa140720 JavaThread "RMI Reaper"                        [_thread_blocked, id=6496, stack(0x000000676ba00000,0x000000676bb00000) (1024K)]
  0x000001f2fa13e650 JavaThread "RMI GC Daemon"              daemon [_thread_blocked, id=29196, stack(0x000000676bb00000,0x000000676bc00000) (1024K)]
  0x000001f2fa13d2a0 JavaThread "RMI TCP Connection(2)-127.0.0.1" daemon [_thread_in_native, id=26300, stack(0x000000676bc00000,0x000000676bd00000) (1024K)]
  0x000001f2fa13ece0 JavaThread "RMI Scheduler(0)"           daemon [_thread_blocked, id=21612, stack(0x000000676be00000,0x000000676bf00000) (1024K)]
  0x000001f2fa13fa00 JavaThread "RMI TCP Connection(3)-127.0.0.1" daemon [_thread_in_native, id=8908, stack(0x000000676bf00000,0x000000676c000000) (1024K)]
  0x000001f2fa4ad3e0 JavaThread "RMI RenewClean-[127.0.0.1:61273]" daemon [_thread_blocked, id=26136, stack(0x000000676c100000,0x000000676c200000) (1024K)]
  0x000001f2fa4af4b0 JavaThread "PostgreSQL-JDBC-Cleaner"    daemon [_thread_blocked, id=13872, stack(0x000000676cc00000,0x000000676cd00000) (1024K)]
Total: 20

Other Threads:
  0x000001f2b3dc45a0 VMThread "VM Thread"                           [id=19660, stack(0x000000676ac00000,0x000000676ad00000) (1024K)]
  0x000001f2b3db10b0 WatcherThread "VM Periodic Task Thread"        [id=1524, stack(0x000000676ab00000,0x000000676ac00000) (1024K)]
  0x000001f29b436170 WorkerThread "GC Thread#0"                     [id=27216, stack(0x000000676a600000,0x000000676a700000) (1024K)]
  0x000001f2fa436960 WorkerThread "GC Thread#1"                     [id=27920, stack(0x000000676b700000,0x000000676b800000) (1024K)]
  0x000001f2fa88a6e0 WorkerThread "GC Thread#2"                     [id=29160, stack(0x000000676c200000,0x000000676c300000) (1024K)]
  0x000001f2fa8cee30 WorkerThread "GC Thread#3"                     [id=2200, stack(0x000000676c300000,0x000000676c400000) (1024K)]
  0x000001f2fa8edc90 WorkerThread "GC Thread#4"                     [id=11428, stack(0x000000676c400000,0x000000676c500000) (1024K)]
  0x000001f2fa8ee030 WorkerThread "GC Thread#5"                     [id=29652, stack(0x000000676c500000,0x000000676c600000) (1024K)]
  0x000001f2fa9066d0 WorkerThread "GC Thread#6"                     [id=10060, stack(0x000000676c600000,0x000000676c700000) (1024K)]
  0x000001f2fa906e80 WorkerThread "GC Thread#7"                     [id=28292, stack(0x000000676c700000,0x000000676c800000) (1024K)]
  0x000001f2fa907220 WorkerThread "GC Thread#8"                     [id=27608, stack(0x000000676c800000,0x000000676c900000) (1024K)]
  0x000001f2fa9075c0 WorkerThread "GC Thread#9"                     [id=6960, stack(0x000000676c900000,0x000000676ca00000) (1024K)]
  0x000001f29b448ef0 ConcurrentGCThread "G1 Main Marker"            [id=19160, stack(0x000000676a700000,0x000000676a800000) (1024K)]
  0x000001f29b449900 WorkerThread "G1 Conc#0"                       [id=28384, stack(0x000000676a800000,0x000000676a900000) (1024K)]
  0x000001f2b3c74190 ConcurrentGCThread "G1 Refine#0"               [id=23288, stack(0x000000676a900000,0x000000676aa00000) (1024K)]
  0x000001f2b3c759c0 ConcurrentGCThread "G1 Service"                [id=13488, stack(0x000000676aa00000,0x000000676ab00000) (1024K)]
Total: 16

Threads with active compile tasks:
C1 CompilerThread0  333503 2293   !   3       java.io.ObjectInputStream::readOrdinaryObject (373 bytes)
Total: 1

VM state: not at safepoint (normal execution)

VM Mutex/Monitor currently owned by a thread: None

Heap address: 0x0000000080000000, size: 2048 MB, Compressed Oops mode: 32-bit

CDS archive(s) mapped at: [0x000001f2b4000000-0x000001f2b5c00000-0x000001f2b5c00000), size 29360128, SharedBaseAddress: 0x000001f2b4000000, ArchiveRelocationMode: 1.
Compressed class space mapped at: 0x000001f2b6000000-0x000001f2f6000000, reserved size: 1073741824
Narrow klass base: 0x000001f2b4000000, Narrow klass shift: 0, Narrow klass range: 0x100000000

GC Precious Log:
 CardTable entry size: 512
 Card Set container configuration: InlinePtr #cards 5 size 8 Array Of Cards #cards 12 size 40 Howl #buckets 4 coarsen threshold 1843 Howl Bitmap #cards 512 size 80 coarsen threshold 460 Card regions per heap region 1 cards per card region 2048
 CPUs: 12 total, 12 available
 Memory: 16004M
 Large Page Support: Disabled
 NUMA Support: Disabled
 Compressed Oops: Enabled (32-bit)
 Heap Region Size: 1M
 Heap Min Capacity: 128M
 Heap Initial Capacity: 128M
 Heap Max Capacity: 2G
 Pre-touch: Disabled
 Parallel Workers: 10
 Concurrent Workers: 3
 Concurrent Refinement Workers: 10
 Periodic GC: Disabled

Heap:
 garbage-first heap   total 131072K, used 27808K [0x0000000080000000, 0x0000000100000000)
  region size 1024K, 23 young (23552K), 3 survivors (3072K)
 Metaspace       used 9045K, committed 9472K, reserved 1114112K
  class space    used 1069K, committed 1280K, reserved 1048576K

Heap Regions: E=young(eden), S=young(survivor), O=old, HS=humongous(starts), HC=humongous(continues), CS=collection set, F=free, TAMS=top-at-mark-start, PB=parsable bottom
|   0|0x0000000080000000, 0x0000000080100000, 0x0000000080100000|100%|HS|  |TAMS 0x0000000080000000| PB 0x0000000080000000| Complete 
|   1|0x0000000080100000, 0x0000000080200000, 0x0000000080200000|100%|HC|  |TAMS 0x0000000080100000| PB 0x0000000080100000| Complete 
|   2|0x0000000080200000, 0x0000000080300000, 0x0000000080300000|100%|HS|  |TAMS 0x0000000080200000| PB 0x0000000080200000| Complete 
|   3|0x0000000080300000, 0x0000000080400000, 0x0000000080400000|100%|HS|  |TAMS 0x0000000080300000| PB 0x0000000080300000| Complete 
|   4|0x0000000080400000, 0x0000000080500000, 0x0000000080500000|100%| O|  |TAMS 0x0000000080400000| PB 0x0000000080400000| Untracked 
|   5|0x0000000080500000, 0x0000000080600000, 0x0000000080600000|100%| O|  |TAMS 0x0000000080500000| PB 0x0000000080500000| Untracked 
|   6|0x0000000080600000, 0x0000000080628000, 0x0000000080700000| 15%| O|  |TAMS 0x0000000080600000| PB 0x0000000080600000| Untracked 
|   7|0x0000000080700000, 0x0000000080700000, 0x0000000080800000|  0%| F|  |TAMS 0x0000000080700000| PB 0x0000000080700000| Untracked 
|   8|0x0000000080800000, 0x0000000080800000, 0x0000000080900000|  0%| F|  |TAMS 0x0000000080800000| PB 0x0000000080800000| Untracked 
|   9|0x0000000080900000, 0x0000000080900000, 0x0000000080a00000|  0%| F|  |TAMS 0x0000000080900000| PB 0x0000000080900000| Untracked 
|  10|0x0000000080a00000, 0x0000000080a00000, 0x0000000080b00000|  0%| F|  |TAMS 0x0000000080a00000| PB 0x0000000080a00000| Untracked 
|  11|0x0000000080b00000, 0x0000000080b00000, 0x0000000080c00000|  0%| F|  |TAMS 0x0000000080b00000| PB 0x0000000080b00000| Untracked 
|  12|0x0000000080c00000, 0x0000000080c00000, 0x0000000080d00000|  0%| F|  |TAMS 0x0000000080c00000| PB 0x0000000080c00000| Untracked 
|  13|0x0000000080d00000, 0x0000000080d00000, 0x0000000080e00000|  0%| F|  |TAMS 0x0000000080d00000| PB 0x0000000080d00000| Untracked 
|  14|0x0000000080e00000, 0x0000000080e00000, 0x0000000080f00000|  0%| F|  |TAMS 0x0000000080e00000| PB 0x0000000080e00000| Untracked 
|  15|0x0000000080f00000, 0x0000000080f00000, 0x0000000081000000|  0%| F|  |TAMS 0x0000000080f00000| PB 0x0000000080f00000| Untracked 
|  16|0x0000000081000000, 0x0000000081000000, 0x0000000081100000|  0%| F|  |TAMS 0x0000000081000000| PB 0x0000000081000000| Untracked 
|  17|0x0000000081100000, 0x0000000081100000, 0x0000000081200000|  0%| F|  |TAMS 0x0000000081100000| PB 0x0000000081100000| Untracked 
|  18|0x0000000081200000, 0x0000000081200000, 0x0000000081300000|  0%| F|  |TAMS 0x0000000081200000| PB 0x0000000081200000| Untracked 
|  19|0x0000000081300000, 0x0000000081300000, 0x0000000081400000|  0%| F|  |TAMS 0x0000000081300000| PB 0x0000000081300000| Untracked 
|  20|0x0000000081400000, 0x0000000081400000, 0x0000000081500000|  0%| F|  |TAMS 0x0000000081400000| PB 0x0000000081400000| Untracked 
|  21|0x0000000081500000, 0x0000000081500000, 0x0000000081600000|  0%| F|  |TAMS 0x0000000081500000| PB 0x0000000081500000| Untracked 
|  22|0x0000000081600000, 0x0000000081600000, 0x0000000081700000|  0%| F|  |TAMS 0x0000000081600000| PB 0x0000000081600000| Untracked 
|  23|0x0000000081700000, 0x0000000081700000, 0x0000000081800000|  0%| F|  |TAMS 0x0000000081700000| PB 0x0000000081700000| Untracked 
|  24|0x0000000081800000, 0x0000000081800000, 0x0000000081900000|  0%| F|  |TAMS 0x0000000081800000| PB 0x0000000081800000| Untracked 
|  25|0x0000000081900000, 0x0000000081900000, 0x0000000081a00000|  0%| F|  |TAMS 0x0000000081900000| PB 0x0000000081900000| Untracked 
|  26|0x0000000081a00000, 0x0000000081a00000, 0x0000000081b00000|  0%| F|  |TAMS 0x0000000081a00000| PB 0x0000000081a00000| Untracked 
|  27|0x0000000081b00000, 0x0000000081b00000, 0x0000000081c00000|  0%| F|  |TAMS 0x0000000081b00000| PB 0x0000000081b00000| Untracked 
|  28|0x0000000081c00000, 0x0000000081c00000, 0x0000000081d00000|  0%| F|  |TAMS 0x0000000081c00000| PB 0x0000000081c00000| Untracked 
|  29|0x0000000081d00000, 0x0000000081d00000, 0x0000000081e00000|  0%| F|  |TAMS 0x0000000081d00000| PB 0x0000000081d00000| Untracked 
|  30|0x0000000081e00000, 0x0000000081e00000, 0x0000000081f00000|  0%| F|  |TAMS 0x0000000081e00000| PB 0x0000000081e00000| Untracked 
|  31|0x0000000081f00000, 0x0000000081f00000, 0x0000000082000000|  0%| F|  |TAMS 0x0000000081f00000| PB 0x0000000081f00000| Untracked 
|  32|0x0000000082000000, 0x0000000082000000, 0x0000000082100000|  0%| F|  |TAMS 0x0000000082000000| PB 0x0000000082000000| Untracked 
|  33|0x0000000082100000, 0x0000000082100000, 0x0000000082200000|  0%| F|  |TAMS 0x0000000082100000| PB 0x0000000082100000| Untracked 
|  34|0x0000000082200000, 0x0000000082200000, 0x0000000082300000|  0%| F|  |TAMS 0x0000000082200000| PB 0x0000000082200000| Untracked 
|  35|0x0000000082300000, 0x0000000082300000, 0x0000000082400000|  0%| F|  |TAMS 0x0000000082300000| PB 0x0000000082300000| Untracked 
|  36|0x0000000082400000, 0x0000000082400000, 0x0000000082500000|  0%| F|  |TAMS 0x0000000082400000| PB 0x0000000082400000| Untracked 
|  37|0x0000000082500000, 0x0000000082500000, 0x0000000082600000|  0%| F|  |TAMS 0x0000000082500000| PB 0x0000000082500000| Untracked 
|  38|0x0000000082600000, 0x0000000082600000, 0x0000000082700000|  0%| F|  |TAMS 0x0000000082600000| PB 0x0000000082600000| Untracked 
|  39|0x0000000082700000, 0x0000000082700000, 0x0000000082800000|  0%| F|  |TAMS 0x0000000082700000| PB 0x0000000082700000| Untracked 
|  40|0x0000000082800000, 0x0000000082800000, 0x0000000082900000|  0%| F|  |TAMS 0x0000000082800000| PB 0x0000000082800000| Untracked 
|  41|0x0000000082900000, 0x0000000082900000, 0x0000000082a00000|  0%| F|  |TAMS 0x0000000082900000| PB 0x0000000082900000| Untracked 
|  42|0x0000000082a00000, 0x0000000082a00000, 0x0000000082b00000|  0%| F|  |TAMS 0x0000000082a00000| PB 0x0000000082a00000| Untracked 
|  43|0x0000000082b00000, 0x0000000082b00000, 0x0000000082c00000|  0%| F|  |TAMS 0x0000000082b00000| PB 0x0000000082b00000| Untracked 
|  44|0x0000000082c00000, 0x0000000082c00000, 0x0000000082d00000|  0%| F|  |TAMS 0x0000000082c00000| PB 0x0000000082c00000| Untracked 
|  45|0x0000000082d00000, 0x0000000082d00000, 0x0000000082e00000|  0%| F|  |TAMS 0x0000000082d00000| PB 0x0000000082d00000| Untracked 
|  46|0x0000000082e00000, 0x0000000082e00000, 0x0000000082f00000|  0%| F|  |TAMS 0x0000000082e00000| PB 0x0000000082e00000| Untracked 
|  47|0x0000000082f00000, 0x0000000082f00000, 0x0000000083000000|  0%| F|  |TAMS 0x0000000082f00000| PB 0x0000000082f00000| Untracked 
|  48|0x0000000083000000, 0x0000000083000000, 0x0000000083100000|  0%| F|  |TAMS 0x0000000083000000| PB 0x0000000083000000| Untracked 
|  49|0x0000000083100000, 0x0000000083100000, 0x0000000083200000|  0%| F|  |TAMS 0x0000000083100000| PB 0x0000000083100000| Untracked 
|  50|0x0000000083200000, 0x0000000083200000, 0x0000000083300000|  0%| F|  |TAMS 0x0000000083200000| PB 0x0000000083200000| Untracked 
|  51|0x0000000083300000, 0x0000000083300000, 0x0000000083400000|  0%| F|  |TAMS 0x0000000083300000| PB 0x0000000083300000| Untracked 
|  52|0x0000000083400000, 0x0000000083400000, 0x0000000083500000|  0%| F|  |TAMS 0x0000000083400000| PB 0x0000000083400000| Untracked 
|  53|0x0000000083500000, 0x0000000083500000, 0x0000000083600000|  0%| F|  |TAMS 0x0000000083500000| PB 0x0000000083500000| Untracked 
|  54|0x0000000083600000, 0x0000000083600000, 0x0000000083700000|  0%| F|  |TAMS 0x0000000083600000| PB 0x0000000083600000| Untracked 
|  55|0x0000000083700000, 0x0000000083700000, 0x0000000083800000|  0%| F|  |TAMS 0x0000000083700000| PB 0x0000000083700000| Untracked 
|  56|0x0000000083800000, 0x0000000083800000, 0x0000000083900000|  0%| F|  |TAMS 0x0000000083800000| PB 0x0000000083800000| Untracked 
|  57|0x0000000083900000, 0x0000000083900000, 0x0000000083a00000|  0%| F|  |TAMS 0x0000000083900000| PB 0x0000000083900000| Untracked 
|  58|0x0000000083a00000, 0x0000000083a00000, 0x0000000083b00000|  0%| F|  |TAMS 0x0000000083a00000| PB 0x0000000083a00000| Untracked 
|  59|0x0000000083b00000, 0x0000000083b00000, 0x0000000083c00000|  0%| F|  |TAMS 0x0000000083b00000| PB 0x0000000083b00000| Untracked 
|  60|0x0000000083c00000, 0x0000000083c00000, 0x0000000083d00000|  0%| F|  |TAMS 0x0000000083c00000| PB 0x0000000083c00000| Untracked 
|  61|0x0000000083d00000, 0x0000000083d00000, 0x0000000083e00000|  0%| F|  |TAMS 0x0000000083d00000| PB 0x0000000083d00000| Untracked 
|  62|0x0000000083e00000, 0x0000000083e00000, 0x0000000083f00000|  0%| F|  |TAMS 0x0000000083e00000| PB 0x0000000083e00000| Untracked 
|  63|0x0000000083f00000, 0x0000000083f00000, 0x0000000084000000|  0%| F|  |TAMS 0x0000000083f00000| PB 0x0000000083f00000| Untracked 
|  64|0x0000000084000000, 0x0000000084000000, 0x0000000084100000|  0%| F|  |TAMS 0x0000000084000000| PB 0x0000000084000000| Untracked 
|  65|0x0000000084100000, 0x0000000084100000, 0x0000000084200000|  0%| F|  |TAMS 0x0000000084100000| PB 0x0000000084100000| Untracked 
|  66|0x0000000084200000, 0x0000000084200000, 0x0000000084300000|  0%| F|  |TAMS 0x0000000084200000| PB 0x0000000084200000| Untracked 
|  67|0x0000000084300000, 0x0000000084300000, 0x0000000084400000|  0%| F|  |TAMS 0x0000000084300000| PB 0x0000000084300000| Untracked 
|  68|0x0000000084400000, 0x0000000084400000, 0x0000000084500000|  0%| F|  |TAMS 0x0000000084400000| PB 0x0000000084400000| Untracked 
|  69|0x0000000084500000, 0x0000000084500000, 0x0000000084600000|  0%| F|  |TAMS 0x0000000084500000| PB 0x0000000084500000| Untracked 
|  70|0x0000000084600000, 0x0000000084600000, 0x0000000084700000|  0%| F|  |TAMS 0x0000000084600000| PB 0x0000000084600000| Untracked 
|  71|0x0000000084700000, 0x0000000084700000, 0x0000000084800000|  0%| F|  |TAMS 0x0000000084700000| PB 0x0000000084700000| Untracked 
|  72|0x0000000084800000, 0x0000000084800000, 0x0000000084900000|  0%| F|  |TAMS 0x0000000084800000| PB 0x0000000084800000| Untracked 
|  73|0x0000000084900000, 0x0000000084900000, 0x0000000084a00000|  0%| F|  |TAMS 0x0000000084900000| PB 0x0000000084900000| Untracked 
|  74|0x0000000084a00000, 0x0000000084a00000, 0x0000000084b00000|  0%| F|  |TAMS 0x0000000084a00000| PB 0x0000000084a00000| Untracked 
|  75|0x0000000084b00000, 0x0000000084b00000, 0x0000000084c00000|  0%| F|  |TAMS 0x0000000084b00000| PB 0x0000000084b00000| Untracked 
|  76|0x0000000084c00000, 0x0000000084c00000, 0x0000000084d00000|  0%| F|  |TAMS 0x0000000084c00000| PB 0x0000000084c00000| Untracked 
|  77|0x0000000084d00000, 0x0000000084d00000, 0x0000000084e00000|  0%| F|  |TAMS 0x0000000084d00000| PB 0x0000000084d00000| Untracked 
|  78|0x0000000084e00000, 0x0000000084e00000, 0x0000000084f00000|  0%| F|  |TAMS 0x0000000084e00000| PB 0x0000000084e00000| Untracked 
|  79|0x0000000084f00000, 0x0000000084f00000, 0x0000000085000000|  0%| F|  |TAMS 0x0000000084f00000| PB 0x0000000084f00000| Untracked 
|  80|0x0000000085000000, 0x0000000085000000, 0x0000000085100000|  0%| F|  |TAMS 0x0000000085000000| PB 0x0000000085000000| Untracked 
|  81|0x0000000085100000, 0x0000000085100000, 0x0000000085200000|  0%| F|  |TAMS 0x0000000085100000| PB 0x0000000085100000| Untracked 
|  82|0x0000000085200000, 0x0000000085200000, 0x0000000085300000|  0%| F|  |TAMS 0x0000000085200000| PB 0x0000000085200000| Untracked 
|  83|0x0000000085300000, 0x0000000085300000, 0x0000000085400000|  0%| F|  |TAMS 0x0000000085300000| PB 0x0000000085300000| Untracked 
|  84|0x0000000085400000, 0x0000000085400000, 0x0000000085500000|  0%| F|  |TAMS 0x0000000085400000| PB 0x0000000085400000| Untracked 
|  85|0x0000000085500000, 0x0000000085500000, 0x0000000085600000|  0%| F|  |TAMS 0x0000000085500000| PB 0x0000000085500000| Untracked 
|  86|0x0000000085600000, 0x0000000085600000, 0x0000000085700000|  0%| F|  |TAMS 0x0000000085600000| PB 0x0000000085600000| Untracked 
|  87|0x0000000085700000, 0x0000000085700000, 0x0000000085800000|  0%| F|  |TAMS 0x0000000085700000| PB 0x0000000085700000| Untracked 
|  88|0x0000000085800000, 0x0000000085800000, 0x0000000085900000|  0%| F|  |TAMS 0x0000000085800000| PB 0x0000000085800000| Untracked 
|  89|0x0000000085900000, 0x0000000085900000, 0x0000000085a00000|  0%| F|  |TAMS 0x0000000085900000| PB 0x0000000085900000| Untracked 
|  90|0x0000000085a00000, 0x0000000085a00000, 0x0000000085b00000|  0%| F|  |TAMS 0x0000000085a00000| PB 0x0000000085a00000| Untracked 
|  91|0x0000000085b00000, 0x0000000085b00000, 0x0000000085c00000|  0%| F|  |TAMS 0x0000000085b00000| PB 0x0000000085b00000| Untracked 
|  92|0x0000000085c00000, 0x0000000085c00000, 0x0000000085d00000|  0%| F|  |TAMS 0x0000000085c00000| PB 0x0000000085c00000| Untracked 
|  93|0x0000000085d00000, 0x0000000085d00000, 0x0000000085e00000|  0%| F|  |TAMS 0x0000000085d00000| PB 0x0000000085d00000| Untracked 
|  94|0x0000000085e00000, 0x0000000085e00000, 0x0000000085f00000|  0%| F|  |TAMS 0x0000000085e00000| PB 0x0000000085e00000| Untracked 
|  95|0x0000000085f00000, 0x0000000085f00000, 0x0000000086000000|  0%| F|  |TAMS 0x0000000085f00000| PB 0x0000000085f00000| Untracked 
|  96|0x0000000086000000, 0x0000000086000000, 0x0000000086100000|  0%| F|  |TAMS 0x0000000086000000| PB 0x0000000086000000| Untracked 
|  97|0x0000000086100000, 0x0000000086100000, 0x0000000086200000|  0%| F|  |TAMS 0x0000000086100000| PB 0x0000000086100000| Untracked 
|  98|0x0000000086200000, 0x0000000086200000, 0x0000000086300000|  0%| F|  |TAMS 0x0000000086200000| PB 0x0000000086200000| Untracked 
|  99|0x0000000086300000, 0x0000000086300000, 0x0000000086400000|  0%| F|  |TAMS 0x0000000086300000| PB 0x0000000086300000| Untracked 
| 100|0x0000000086400000, 0x0000000086400000, 0x0000000086500000|  0%| F|  |TAMS 0x0000000086400000| PB 0x0000000086400000| Untracked 
| 101|0x0000000086500000, 0x0000000086500000, 0x0000000086600000|  0%| F|  |TAMS 0x0000000086500000| PB 0x0000000086500000| Untracked 
| 102|0x0000000086600000, 0x0000000086700000, 0x0000000086700000|100%| S|CS|TAMS 0x0000000086600000| PB 0x0000000086600000| Complete 
| 103|0x0000000086700000, 0x0000000086800000, 0x0000000086800000|100%| S|CS|TAMS 0x0000000086700000| PB 0x0000000086700000| Complete 
| 104|0x0000000086800000, 0x0000000086900000, 0x0000000086900000|100%| S|CS|TAMS 0x0000000086800000| PB 0x0000000086800000| Complete 
| 105|0x0000000086900000, 0x0000000086900000, 0x0000000086a00000|  0%| F|  |TAMS 0x0000000086900000| PB 0x0000000086900000| Untracked 
| 106|0x0000000086a00000, 0x0000000086a00000, 0x0000000086b00000|  0%| F|  |TAMS 0x0000000086a00000| PB 0x0000000086a00000| Untracked 
| 107|0x0000000086b00000, 0x0000000086b00000, 0x0000000086c00000|  0%| F|  |TAMS 0x0000000086b00000| PB 0x0000000086b00000| Untracked 
| 108|0x0000000086c00000, 0x0000000086c71bf0, 0x0000000086d00000| 44%| E|  |TAMS 0x0000000086c00000| PB 0x0000000086c00000| Complete 
| 109|0x0000000086d00000, 0x0000000086e00000, 0x0000000086e00000|100%| E|CS|TAMS 0x0000000086d00000| PB 0x0000000086d00000| Complete 
| 110|0x0000000086e00000, 0x0000000086f00000, 0x0000000086f00000|100%| E|CS|TAMS 0x0000000086e00000| PB 0x0000000086e00000| Complete 
| 111|0x0000000086f00000, 0x0000000087000000, 0x0000000087000000|100%| E|CS|TAMS 0x0000000086f00000| PB 0x0000000086f00000| Complete 
| 112|0x0000000087000000, 0x0000000087100000, 0x0000000087100000|100%| E|CS|TAMS 0x0000000087000000| PB 0x0000000087000000| Complete 
| 113|0x0000000087100000, 0x0000000087200000, 0x0000000087200000|100%| E|CS|TAMS 0x0000000087100000| PB 0x0000000087100000| Complete 
| 114|0x0000000087200000, 0x0000000087300000, 0x0000000087300000|100%| E|CS|TAMS 0x0000000087200000| PB 0x0000000087200000| Complete 
| 115|0x0000000087300000, 0x0000000087400000, 0x0000000087400000|100%| E|CS|TAMS 0x0000000087300000| PB 0x0000000087300000| Complete 
| 116|0x0000000087400000, 0x0000000087500000, 0x0000000087500000|100%| E|CS|TAMS 0x0000000087400000| PB 0x0000000087400000| Complete 
| 117|0x0000000087500000, 0x0000000087600000, 0x0000000087600000|100%| E|CS|TAMS 0x0000000087500000| PB 0x0000000087500000| Complete 
| 118|0x0000000087600000, 0x0000000087700000, 0x0000000087700000|100%| E|CS|TAMS 0x0000000087600000| PB 0x0000000087600000| Complete 
| 119|0x0000000087700000, 0x0000000087800000, 0x0000000087800000|100%| E|CS|TAMS 0x0000000087700000| PB 0x0000000087700000| Complete 
| 120|0x0000000087800000, 0x0000000087900000, 0x0000000087900000|100%| E|  |TAMS 0x0000000087800000| PB 0x0000000087800000| Complete 
| 121|0x0000000087900000, 0x0000000087a00000, 0x0000000087a00000|100%| E|CS|TAMS 0x0000000087900000| PB 0x0000000087900000| Complete 
| 122|0x0000000087a00000, 0x0000000087b00000, 0x0000000087b00000|100%| E|CS|TAMS 0x0000000087a00000| PB 0x0000000087a00000| Complete 
| 123|0x0000000087b00000, 0x0000000087c00000, 0x0000000087c00000|100%| E|CS|TAMS 0x0000000087b00000| PB 0x0000000087b00000| Complete 
| 124|0x0000000087c00000, 0x0000000087d00000, 0x0000000087d00000|100%| E|CS|TAMS 0x0000000087c00000| PB 0x0000000087c00000| Complete 
| 125|0x0000000087d00000, 0x0000000087e00000, 0x0000000087e00000|100%| E|CS|TAMS 0x0000000087d00000| PB 0x0000000087d00000| Complete 
| 126|0x0000000087e00000, 0x0000000087f00000, 0x0000000087f00000|100%| E|CS|TAMS 0x0000000087e00000| PB 0x0000000087e00000| Complete 
| 127|0x0000000087f00000, 0x0000000088000000, 0x0000000088000000|100%| E|CS|TAMS 0x0000000087f00000| PB 0x0000000087f00000| Complete 

Card table byte_map: [0x000001f2aed80000,0x000001f2af180000] _byte_map_base: 0x000001f2ae980000

Marking Bits: (CMBitMap*) 0x000001f29b436780
 Bits: [0x000001f2af180000, 0x000001f2b1180000)

Polling page: 0x000001f29aba0000

Metaspace:

Usage:
  Non-class:      7.79 MB used.
      Class:      1.04 MB used.
       Both:      8.83 MB used.

Virtual space:
  Non-class space:       64.00 MB reserved,       8.00 MB ( 12%) committed,  1 nodes.
      Class space:        1.00 GB reserved,       1.25 MB ( <1%) committed,  1 nodes.
             Both:        1.06 GB reserved,       9.25 MB ( <1%) committed. 

Chunk freelists:
   Non-Class:  6.98 MB
       Class:  14.59 MB
        Both:  21.57 MB

MaxMetaspaceSize: unlimited
CompressedClassSpaceSize: 1.00 GB
Initial GC threshold: 21.00 MB
Current GC threshold: 21.00 MB
CDS: on
 - commit_granule_bytes: 65536.
 - commit_granule_words: 8192.
 - virtual_space_node_default_size: 8388608.
 - enlarge_chunks_in_place: 1.
 - use_allocation_guard: 0.


Internal statistics:

num_allocs_failed_limit: 0.
num_arena_births: 512.
num_arena_deaths: 0.
num_vsnodes_births: 2.
num_vsnodes_deaths: 0.
num_space_committed: 148.
num_space_uncommitted: 0.
num_chunks_returned_to_freelist: 0.
num_chunks_taken_from_freelist: 866.
num_chunk_merges: 0.
num_chunk_splits: 549.
num_chunks_enlarged: 279.
num_inconsistent_stats: 0.

CodeHeap 'non-profiled nmethods': size=120000Kb used=961Kb max_used=961Kb free=119038Kb
 bounds [0x000001f2a6ef0000, 0x000001f2a7160000, 0x000001f2ae420000]
CodeHeap 'profiled nmethods': size=120000Kb used=4440Kb max_used=4440Kb free=115559Kb
 bounds [0x000001f29f420000, 0x000001f29f880000, 0x000001f2a6950000]
CodeHeap 'non-nmethods': size=5760Kb used=1463Kb max_used=1525Kb free=4296Kb
 bounds [0x000001f2a6950000, 0x000001f2a6bc0000, 0x000001f2a6ef0000]
CodeCache: size=245760Kb, used=6864Kb, max_used=6926Kb, free=238893Kb
 total_blobs=2841, nmethods=2292, adapters=453, full_count=0
Compilation: enabled, stopped_count=0, restarted_count=0

Compilation events (20 events):
Event: 180.440 Thread 0x000001f2b3dfde00 nmethod 2280 0x000001f29f870d10 code [0x000001f29f870ee0, 0x000001f29f871270]
Event: 189.438 Thread 0x000001f2b3dfc350 2281       4       java.lang.ThreadLocal::getCarrierThreadLocal (29 bytes)
Event: 189.439 Thread 0x000001f2b3dfc350 nmethod 2281 0x000001f2a6fdf490 code [0x000001f2a6fdf640, 0x000001f2a6fdf7e0]
Event: 234.445 Thread 0x000001f2b3dfde00 2283       3       sun.rmi.server.MarshalOutputStream::annotateClass (9 bytes)
Event: 234.446 Thread 0x000001f2b3dfde00 nmethod 2283 0x000001f29f871390 code [0x000001f29f871560, 0x000001f29f871890]
Event: 313.122 Thread 0x000001f2b3dfde00 2286       3       java.util.concurrent.ScheduledThreadPoolExecutor$ScheduledFutureTask::compareTo (9 bytes)
Event: 313.122 Thread 0x000001f2b3dfde00 nmethod 2286 0x000001f29f871a10 code [0x000001f29f871bc0, 0x000001f29f871e20]
Event: 313.179 Thread 0x000001f2b3dfde00 2287       3       java.util.concurrent.ScheduledThreadPoolExecutor$DelayedWorkQueue::setIndex (16 bytes)
Event: 313.179 Thread 0x000001f2b3dfde00 nmethod 2287 0x000001f29f871f10 code [0x000001f29f8720c0, 0x000001f29f8723c8]
Event: 313.179 Thread 0x000001f2b3dfde00 2288       3       java.util.concurrent.locks.ReentrantLock$Sync::isHeldExclusively (16 bytes)
Event: 313.179 Thread 0x000001f2b3dfde00 nmethod 2288 0x000001f29f872490 code [0x000001f29f872640, 0x000001f29f8727d0]
Event: 328.602 Thread 0x000001f2b3dfde00 2289       3       java.lang.ThreadLocal::getCarrierThreadLocal (29 bytes)
Event: 328.603 Thread 0x000001f2b3dfde00 nmethod 2289 0x000001f29f872890 code [0x000001f29f872a40, 0x000001f29f872ba8]
Event: 328.603 Thread 0x000001f2b3dfde00 2291       3       java.io.ObjectStreamClass$FieldReflector::setObjFieldValues (262 bytes)
Event: 328.605 Thread 0x000001f2b3dfde00 nmethod 2291 0x000001f29f872c90 code [0x000001f29f873080, 0x000001f29f8745d8]
Event: 328.605 Thread 0x000001f2b3dfde00 2290       3       sun.rmi.transport.DGCImpl::checkInput (149 bytes)
Event: 328.605 Thread 0x000001f2b3dfde00 nmethod 2290 0x000001f29f874f90 code [0x000001f29f8751e0, 0x000001f29f875928]
Event: 333.484 Thread 0x000001f2b3dfde00 2292       3       java.io.ObjectStreamClass$FieldReflectorKey::equals (37 bytes)
Event: 333.484 Thread 0x000001f2b3dfde00 nmethod 2292 0x000001f29f875b90 code [0x000001f29f875d60, 0x000001f29f876138]
Event: 333.484 Thread 0x000001f2b3dfde00 2293   !   3       java.io.ObjectInputStream::readOrdinaryObject (373 bytes)

GC Heap History (2 events):
Event: 1.003 GC heap before
{Heap before GC invocations=0 (full 0):
 garbage-first heap   total 131072K, used 27648K [0x0000000080000000, 0x0000000100000000)
  region size 1024K, 23 young (23552K), 0 survivors (0K)
 Metaspace       used 5533K, committed 5952K, reserved 1114112K
  class space    used 740K, committed 960K, reserved 1048576K
}
Event: 1.007 GC heap after
{Heap after GC invocations=1 (full 0):
 garbage-first heap   total 131072K, used 9376K [0x0000000080000000, 0x0000000100000000)
  region size 1024K, 3 young (3072K), 3 survivors (3072K)
 Metaspace       used 5533K, committed 5952K, reserved 1114112K
  class space    used 740K, committed 960K, reserved 1048576K
}

Dll operation events (2 events):
Event: 0.011 Loaded shared library D:\IntelliJ IDEA 2025.2\jbr\bin\java.dll
Event: 0.101 Loaded shared library D:\IntelliJ IDEA 2025.2\jbr\bin\zip.dll

Deoptimization events (20 events):
Event: 1.386 Thread 0x000001f2fa13fa00 DEOPT PACKING pc=0x000001f2a6ef964c sp=0x000000676bffe630
Event: 1.386 Thread 0x000001f2fa13fa00 DEOPT UNPACKING pc=0x000001f2a69a46a2 sp=0x000000676bffe5d0 mode 2
Event: 13.099 Thread 0x000001f2fa13fa00 DEOPT PACKING pc=0x000001f29f6d3b3b sp=0x000000676bffdee0
Event: 13.099 Thread 0x000001f2fa13fa00 DEOPT UNPACKING pc=0x000001f2a69a4e42 sp=0x000000676bffd3b0 mode 0
Event: 13.113 Thread 0x000001f2fa13fa00 Uncommon trap: trap_request=0xffffff45 fr.pc=0x000001f2a6fa5dc4 relative=0x00000000000004e4
Event: 13.113 Thread 0x000001f2fa13fa00 Uncommon trap: reason=unstable_if action=reinterpret pc=0x000001f2a6fa5dc4 method=java.lang.PublicMethods$MethodList.filter([Ljava/lang/reflect/Method;Ljava/lang/String;[Ljava/lang/Class;Z)Ljava/lang/PublicMethods$MethodList; @ 58 c2
Event: 13.113 Thread 0x000001f2fa13fa00 DEOPT PACKING pc=0x000001f2a6fa5dc4 sp=0x000000676bffe630
Event: 13.113 Thread 0x000001f2fa13fa00 DEOPT UNPACKING pc=0x000001f2a69a46a2 sp=0x000000676bffe5c0 mode 2
Event: 13.120 Thread 0x000001f2fa13fa00 Uncommon trap: trap_request=0xffffffde fr.pc=0x000001f2a6f72764 relative=0x0000000000000304
Event: 13.120 Thread 0x000001f2fa13fa00 Uncommon trap: reason=class_check action=maybe_recompile pc=0x000001f2a6f72764 method=java.util.regex.Pattern$BmpCharPropertyGreedy.match(Ljava/util/regex/Matcher;ILjava/lang/CharSequence;)Z @ 26 c2
Event: 13.120 Thread 0x000001f2fa13fa00 DEOPT PACKING pc=0x000001f2a6f72764 sp=0x000000676bffe530
Event: 13.120 Thread 0x000001f2fa13fa00 DEOPT UNPACKING pc=0x000001f2a69a46a2 sp=0x000000676bffe4e8 mode 2
Event: 13.120 Thread 0x000001f2fa13fa00 Uncommon trap: trap_request=0xffffffde fr.pc=0x000001f2a6f72764 relative=0x0000000000000304
Event: 13.120 Thread 0x000001f2fa13fa00 Uncommon trap: reason=class_check action=maybe_recompile pc=0x000001f2a6f72764 method=java.util.regex.Pattern$BmpCharPropertyGreedy.match(Ljava/util/regex/Matcher;ILjava/lang/CharSequence;)Z @ 26 c2
Event: 13.120 Thread 0x000001f2fa13fa00 DEOPT PACKING pc=0x000001f2a6f72764 sp=0x000000676bffe320
Event: 13.120 Thread 0x000001f2fa13fa00 DEOPT UNPACKING pc=0x000001f2a69a46a2 sp=0x000000676bffe2d8 mode 2
Event: 300.409 Thread 0x000001f2fa4ad3e0 Uncommon trap: trap_request=0xffffff45 fr.pc=0x000001f2a6fdf768 relative=0x0000000000000128
Event: 300.409 Thread 0x000001f2fa4ad3e0 Uncommon trap: reason=unstable_if action=reinterpret pc=0x000001f2a6fdf768 method=java.lang.ThreadLocal.get(Ljava/lang/Thread;)Ljava/lang/Object; @ 7 c2
Event: 300.409 Thread 0x000001f2fa4ad3e0 DEOPT PACKING pc=0x000001f2a6fdf768 sp=0x000000676c1fe6b0
Event: 300.409 Thread 0x000001f2fa4ad3e0 DEOPT UNPACKING pc=0x000001f2a69a46a2 sp=0x000000676c1fe5d8 mode 2

Classes loaded (20 events):
Event: 1.091 Loading class com/sun/crypto/provider/PBKDF2KeyImpl$1
Event: 1.091 Loading class com/sun/crypto/provider/PBKDF2KeyImpl$1 done
Event: 1.133 Loading class java/util/SimpleTimeZone
Event: 1.134 Loading class java/util/SimpleTimeZone done
Event: 1.135 Loading class java/time/LocalDateTime$1
Event: 1.135 Loading class java/time/LocalDateTime$1 done
Event: 1.135 Loading class java/time/chrono/IsoEra
Event: 1.135 Loading class java/time/chrono/Era
Event: 1.135 Loading class java/time/chrono/Era done
Event: 1.135 Loading class java/time/chrono/IsoEra done
Event: 1.241 Loading class java/lang/invoke/BoundMethodHandle$Species_LI
Event: 1.241 Loading class java/lang/invoke/BoundMethodHandle$Species_LI done
Event: 1.390 Loading class java/math/MathContext
Event: 1.390 Loading class java/math/MathContext done
Event: 1.391 Loading class java/math/BigDecimal$UnsafeHolder
Event: 1.391 Loading class java/math/BigDecimal$UnsafeHolder done
Event: 1.392 Loading class java/io/ObjectOutputStream$PutFieldImpl
Event: 1.392 Loading class java/io/ObjectOutputStream$PutField
Event: 1.392 Loading class java/io/ObjectOutputStream$PutField done
Event: 1.392 Loading class java/io/ObjectOutputStream$PutFieldImpl done

Classes unloaded (0 events):
No events

Classes redefined (0 events):
No events

Internal exceptions (20 events):
Event: 0.506 Thread 0x000001f2fa13fa00 Exception <a 'java/lang/NoSuchMethodError'{0x0000000086af1290}: method resolution failed> (0x0000000086af1290) 
thrown [s\src\hotspot\share\prims\methodHandles.cpp, line 1144]
Event: 0.507 Thread 0x000001f2fa13fa00 Exception <a 'java/lang/NoSuchMethodError'{0x0000000086afb1c8}: 'java.lang.Object java.lang.invoke.Invokers$Holder.invokeExact_MT(java.lang.Object, java.lang.Object, java.lang.Object, java.lang.Object, java.lang.Object)'> (0x0000000086afb1c8) 
thrown [s\src\hotspot\share\interpreter\linkResolver.cpp, line 784]
Event: 0.992 Thread 0x000001f2fa13fa00 Exception <a 'java/lang/NoSuchMethodError'{0x0000000086975c48}: 'java.lang.Object java.lang.invoke.DirectMethodHandle$Holder.invokeVirtual(java.lang.Object, java.lang.Object, java.lang.Object, java.lang.Object)'> (0x0000000086975c48) 
thrown [s\src\hotspot\share\interpreter\linkResolver.cpp, line 784]
Event: 0.993 Thread 0x000001f2fa13fa00 Exception <a 'java/lang/NoSuchMethodError'{0x000000008697da78}: 'void java.lang.invoke.DirectMethodHandle$Holder.invokeStatic(java.lang.Object, java.lang.Object, java.lang.Object, java.lang.Object)'> (0x000000008697da78) 
thrown [s\src\hotspot\share\interpreter\linkResolver.cpp, line 784]
Event: 1.001 Thread 0x000001f2fa13fa00 Exception <a 'java/lang/IncompatibleClassChangeError'{0x00000000869e9018}: Found class java.lang.Object, but interface was expected> (0x00000000869e9018) 
thrown [s\src\hotspot\share\interpreter\linkResolver.cpp, line 851]
Event: 1.086 Thread 0x000001f2fa13fa00 Exception <a 'sun/nio/fs/WindowsException'{0x0000000087b484e0}> (0x0000000087b484e0) 
thrown [s\src\hotspot\share\prims\jni.cpp, line 537]
Event: 1.120 Thread 0x000001f2fa13fa00 Implicit null exception at 0x000001f2a6f7f328 to 0x000001f2a6f7fd70
Event: 1.156 Thread 0x000001f2fa13fa00 Exception <a 'java/lang/NoSuchMethodError'{0x0000000087865e30}: 'java.lang.Object java.lang.invoke.DirectMethodHandle$Holder.newInvokeSpecial(java.lang.Object, java.lang.Object, int)'> (0x0000000087865e30) 
thrown [s\src\hotspot\share\interpreter\linkResolver.cpp, line 784]
Event: 1.183 Thread 0x000001f2fa13fa00 Exception <a 'java/lang/NoSuchMethodError'{0x00000000877de630}: 'void java.lang.invoke.DirectMethodHandle$Holder.invokeInterface(java.lang.Object, java.lang.Object, java.lang.Object, java.lang.Object)'> (0x00000000877de630) 
thrown [s\src\hotspot\share\interpreter\linkResolver.cpp, line 784]
Event: 1.183 Thread 0x000001f2fa13fa00 Exception <a 'java/lang/NoSuchMethodError'{0x00000000877e2290}: 'void java.lang.invoke.DirectMethodHandle$Holder.invokeSpecial(java.lang.Object, java.lang.Object, java.lang.Object, java.lang.Object, java.lang.Object)'> (0x00000000877e2290) 
thrown [s\src\hotspot\share\interpreter\linkResolver.cpp, line 784]
Event: 1.240 Thread 0x000001f2fa13fa00 Exception <a 'java/lang/NoSuchMethodError'{0x0000000087579a18}: 'int java.lang.invoke.DirectMethodHandle$Holder.invokeInterface(java.lang.Object, java.lang.Object, int)'> (0x0000000087579a18) 
thrown [s\src\hotspot\share\interpreter\linkResolver.cpp, line 784]
Event: 1.240 Thread 0x000001f2fa13fa00 Exception <a 'java/lang/NoSuchMethodError'{0x000000008757de68}: 'int java.lang.invoke.DirectMethodHandle$Holder.invokeSpecial(java.lang.Object, java.lang.Object, java.lang.Object, int)'> (0x000000008757de68) 
thrown [s\src\hotspot\share\interpreter\linkResolver.cpp, line 784]
Event: 1.241 Thread 0x000001f2fa13fa00 Exception <a 'java/lang/NoSuchMethodError'{0x0000000087590360}: 'java.lang.Object java.lang.invoke.DirectMethodHandle$Holder.invokeStatic(java.lang.Object, java.lang.Object, java.lang.Object, java.lang.Object, int)'> (0x0000000087590360) 
thrown [s\src\hotspot\share\interpreter\linkResolver.cpp, line 784]
Event: 1.248 Thread 0x000001f2fa13fa00 Exception <a 'java/lang/NoSuchMethodError'{0x00000000875bb218}: 'void java.lang.invoke.DirectMethodHandle$Holder.invokeInterface(java.lang.Object, java.lang.Object, int)'> (0x00000000875bb218) 
thrown [s\src\hotspot\share\interpreter\linkResolver.cpp, line 784]
Event: 1.249 Thread 0x000001f2fa13fa00 Exception <a 'java/lang/NoSuchMethodError'{0x00000000875bf0a0}: 'void java.lang.invoke.DelegatingMethodHandle$Holder.reinvoke_L(java.lang.Object, java.lang.Object, int)'> (0x00000000875bf0a0) 
thrown [s\src\hotspot\share\interpreter\linkResolver.cpp, line 784]
Event: 1.321 Thread 0x000001f2fa13fa00 Exception <a 'java/lang/NoSuchMethodError'{0x00000000873a91c8}: 'java.lang.Object java.lang.invoke.DirectMethodHandle$Holder.invokeInterface(java.lang.Object, java.lang.Object, int)'> (0x00000000873a91c8) 
thrown [s\src\hotspot\share\interpreter\linkResolver.cpp, line 784]
Event: 1.326 Thread 0x000001f2fa13fa00 Exception <a 'java/lang/NoSuchMethodError'{0x00000000873fc5b8}: static [Ljava/lang/Object;.<clinit>()V> (0x00000000873fc5b8) 
thrown [s\src\hotspot\share\prims\jni.cpp, line 1144]
Event: 1.380 Thread 0x000001f2fa13fa00 Exception <a 'java/lang/NoSuchMethodError'{0x000000008713ea80}: 'int java.lang.invoke.DirectMethodHandle$Holder.invokeInterface(java.lang.Object, java.lang.Object, int, int)'> (0x000000008713ea80) 
thrown [s\src\hotspot\share\interpreter\linkResolver.cpp, line 784]
Event: 1.383 Thread 0x000001f2fa13fa00 Exception <a 'java/lang/NoSuchMethodError'{0x00000000871599c8}: static Lcom/intellij/database/remote/jdbc/RemoteResultSet$DataRetrievingOptions;.<clinit>()V> (0x00000000871599c8) 
thrown [s\src\hotspot\share\prims\jni.cpp, line 1144]
Event: 300.409 Thread 0x000001f2fa4ad3e0 Implicit null exception at 0x000001f2a6fdf68b to 0x000001f2a6fdf750

ZGC Phase Switch (0 events):
No events

VM Operations (20 events):
Event: 6.372 Executing VM operation: Cleanup
Event: 6.372 Executing VM operation: Cleanup done
Event: 10.375 Executing VM operation: Cleanup
Event: 10.375 Executing VM operation: Cleanup done
Event: 13.375 Executing VM operation: Cleanup
Event: 13.375 Executing VM operation: Cleanup done
Event: 15.413 Executing VM operation: HandshakeAllThreads (Deoptimize)
Event: 15.413 Executing VM operation: HandshakeAllThreads (Deoptimize) done
Event: 60.212 Executing VM operation: HandshakeAllThreads (HandshakeForDeflation)
Event: 60.212 Executing VM operation: HandshakeAllThreads (HandshakeForDeflation) done
Event: 60.212 Executing VM operation: RendezvousGCThreads
Event: 60.212 Executing VM operation: RendezvousGCThreads done
Event: 109.240 Executing VM operation: Cleanup
Event: 109.240 Executing VM operation: Cleanup done
Event: 190.282 Executing VM operation: Cleanup
Event: 190.282 Executing VM operation: Cleanup done
Event: 235.306 Executing VM operation: Cleanup
Event: 235.306 Executing VM operation: Cleanup done
Event: 301.334 Executing VM operation: Cleanup
Event: 301.334 Executing VM operation: Cleanup done

Memory protections (0 events):
No events

Nmethod flushes (0 events):
No events

Events (20 events):
Event: 5.767 Thread 0x000001f2fa2f56c0 Thread exited: 0x000001f2fa2f56c0
Event: 5.767 Thread 0x000001f2fa2f7e20 Thread exited: 0x000001f2fa2f7e20
Event: 13.101 Thread 0x000001f2b3dfde00 Thread added: 0x000001f2fa9db1e0
Event: 13.563 Thread 0x000001f2fa9db1e0 Thread exited: 0x000001f2fa9db1e0
Event: 19.037 Thread 0x000001f2fa13fa00 Thread added: 0x000001f2fa4ae790
Event: 19.037 Thread 0x000001f2fa13fa00 Thread added: 0x000001f2fa4ac030
Event: 19.037 Thread 0x000001f2fa13fa00 Thread added: 0x000001f2fa4ae100
Event: 19.037 Thread 0x000001f2fa13fa00 Thread added: 0x000001f2fa4ac6c0
Event: 19.037 Thread 0x000001f2fa13fa00 Thread added: 0x000001f2fa4acd50
Event: 19.037 Thread 0x000001f2fa13fa00 Thread added: 0x000001f2fa6d3710
Event: 19.037 Thread 0x000001f2fa4ae790 Thread exited: 0x000001f2fa4ae790
Event: 19.038 Thread 0x000001f2fa13fa00 Thread added: 0x000001f2fa6d1cd0
Event: 19.038 Thread 0x000001f2fa4ac030 Thread exited: 0x000001f2fa4ac030
Event: 19.038 Thread 0x000001f2fa4ae100 Thread exited: 0x000001f2fa4ae100
Event: 19.038 Thread 0x000001f2fa4ac6c0 Thread exited: 0x000001f2fa4ac6c0
Event: 19.038 Thread 0x000001f2fa4acd50 Thread exited: 0x000001f2fa4acd50
Event: 19.038 Thread 0x000001f2fa6d3710 Thread exited: 0x000001f2fa6d3710
Event: 19.038 Thread 0x000001f2fa6d1cd0 Thread exited: 0x000001f2fa6d1cd0
Event: 90.380 Thread 0x000001f2fa13f370 Thread exited: 0x000001f2fa13f370
Event: 90.387 Thread 0x000001f2fa4aee20 Thread exited: 0x000001f2fa4aee20


Dynamic libraries:
0x00007ff61d600000 - 0x00007ff61d60a000 	D:\IntelliJ IDEA 2025.2\jbr\bin\java.exe
0x00007ffe068e0000 - 0x00007ffe06b47000 	C:\WINDOWS\SYSTEM32\ntdll.dll
0x00007ffe05340000 - 0x00007ffe05409000 	C:\WINDOWS\System32\KERNEL32.DLL
0x00007ffe04110000 - 0x00007ffe044ff000 	C:\WINDOWS\System32\KERNELBASE.dll
0x00007ffe03c40000 - 0x00007ffe03d8b000 	C:\WINDOWS\System32\ucrtbase.dll
0x00007ffdf24f0000 - 0x00007ffdf250b000 	D:\IntelliJ IDEA 2025.2\jbr\bin\VCRUNTIME140.dll
0x00007ffdaeaa0000 - 0x00007ffdaeab8000 	D:\IntelliJ IDEA 2025.2\jbr\bin\jli.dll
0x00007ffe06210000 - 0x00007ffe063d5000 	C:\WINDOWS\System32\USER32.dll
0x00007ffe03a30000 - 0x00007ffe03a57000 	C:\WINDOWS\System32\win32u.dll
0x00007ffde9e40000 - 0x00007ffdea0d3000 	C:\WINDOWS\WinSxS\amd64_microsoft.windows.common-controls_6595b64144ccf1df_6.0.26100.7309_none_3e05feeae336a044\COMCTL32.dll
0x00007ffe06700000 - 0x00007ffe0672b000 	C:\WINDOWS\System32\GDI32.dll
0x00007ffe03b10000 - 0x00007ffe03c3c000 	C:\WINDOWS\System32\gdi32full.dll
0x00007ffe05060000 - 0x00007ffe05109000 	C:\WINDOWS\System32\msvcrt.dll
0x00007ffe03a60000 - 0x00007ffe03b03000 	C:\WINDOWS\System32\msvcp_win.dll
0x00007ffe05110000 - 0x00007ffe05141000 	C:\WINDOWS\System32\IMM32.DLL
0x00007ffdf24e0000 - 0x00007ffdf24ec000 	D:\IntelliJ IDEA 2025.2\jbr\bin\vcruntime140_1.dll
0x00007ffd28ba0000 - 0x00007ffd28c2d000 	D:\IntelliJ IDEA 2025.2\jbr\bin\msvcp140.dll
0x00007ffd19700000 - 0x00007ffd1a4cb000 	D:\IntelliJ IDEA 2025.2\jbr\bin\server\jvm.dll
0x00007ffe06730000 - 0x00007ffe067e4000 	C:\WINDOWS\System32\ADVAPI32.dll
0x00007ffe067f0000 - 0x00007ffe06896000 	C:\WINDOWS\System32\sechost.dll
0x00007ffe060f0000 - 0x00007ffe06208000 	C:\WINDOWS\System32\RPCRT4.dll
0x00007ffe04760000 - 0x00007ffe047d4000 	C:\WINDOWS\System32\WS2_32.dll
0x00007ffe02640000 - 0x00007ffe0269e000 	C:\WINDOWS\SYSTEM32\POWRPROF.dll
0x00007ffdfbd20000 - 0x00007ffdfbd2b000 	C:\WINDOWS\SYSTEM32\VERSION.dll
0x00007ffdf9e00000 - 0x00007ffdf9e35000 	C:\WINDOWS\SYSTEM32\WINMM.dll
0x00007ffe02620000 - 0x00007ffe02634000 	C:\WINDOWS\SYSTEM32\UMPDC.dll
0x00007ffe02900000 - 0x00007ffe0291b000 	C:\WINDOWS\SYSTEM32\kernel.appcore.dll
0x00007ffdf24d0000 - 0x00007ffdf24da000 	D:\IntelliJ IDEA 2025.2\jbr\bin\jimage.dll
0x00007ffe00b00000 - 0x00007ffe00d42000 	C:\WINDOWS\SYSTEM32\DBGHELP.DLL
0x00007ffe04bf0000 - 0x00007ffe04f76000 	C:\WINDOWS\System32\combase.dll
0x00007ffe063e0000 - 0x00007ffe064b6000 	C:\WINDOWS\System32\OLEAUT32.dll
0x00007ffdf2c60000 - 0x00007ffdf2c9c000 	C:\WINDOWS\SYSTEM32\dbgcore.DLL
0x00007ffe04060000 - 0x00007ffe04105000 	C:\WINDOWS\System32\bcryptPrimitives.dll
0x00007ffdf21a0000 - 0x00007ffdf21c0000 	D:\IntelliJ IDEA 2025.2\jbr\bin\java.dll
0x00007ffe05410000 - 0x00007ffe05b63000 	C:\WINDOWS\System32\SHELL32.dll
0x00007ffe04510000 - 0x00007ffe0467a000 	C:\WINDOWS\System32\wintypes.dll
0x00007ffe01620000 - 0x00007ffe01e7e000 	C:\WINDOWS\SYSTEM32\windows.storage.dll
0x00007ffe051d0000 - 0x00007ffe052c5000 	C:\WINDOWS\System32\SHCORE.dll
0x00007ffe052d0000 - 0x00007ffe05336000 	C:\WINDOWS\System32\shlwapi.dll
0x00007ffe03950000 - 0x00007ffe03979000 	C:\WINDOWS\SYSTEM32\profapi.dll
0x00007ffdf24c0000 - 0x00007ffdf24d0000 	D:\IntelliJ IDEA 2025.2\jbr\bin\net.dll
0x00007ffdfd990000 - 0x00007ffdfdab8000 	C:\WINDOWS\SYSTEM32\WINHTTP.dll
0x00007ffe02e70000 - 0x00007ffe02edb000 	C:\WINDOWS\system32\mswsock.dll
0x00007ffdf2160000 - 0x00007ffdf2176000 	D:\IntelliJ IDEA 2025.2\jbr\bin\nio.dll
0x00007ffdf2180000 - 0x00007ffdf2198000 	D:\IntelliJ IDEA 2025.2\jbr\bin\zip.dll
0x00007ffe02240000 - 0x00007ffe02274000 	C:\WINDOWS\SYSTEM32\IPHLPAPI.DLL
0x00007ffe04f80000 - 0x00007ffe04f8a000 	C:\WINDOWS\System32\NSI.dll
0x00007ffe03140000 - 0x00007ffe0315b000 	C:\WINDOWS\SYSTEM32\CRYPTSP.dll
0x00007ffe02860000 - 0x00007ffe0289a000 	C:\WINDOWS\system32\rsaenh.dll
0x00007ffe02f20000 - 0x00007ffe02f4b000 	C:\WINDOWS\SYSTEM32\USERENV.dll
0x00007ffe03920000 - 0x00007ffe0394a000 	C:\WINDOWS\SYSTEM32\bcrypt.dll
0x00007ffe03130000 - 0x00007ffe0313c000 	C:\WINDOWS\SYSTEM32\CRYPTBASE.dll
0x00007ffdf2120000 - 0x00007ffdf2129000 	D:\IntelliJ IDEA 2025.2\jbr\bin\extnet.dll
0x00007ffdd1b90000 - 0x00007ffdd1b97000 	D:\IntelliJ IDEA 2025.2\jbr\bin\rmi.dll
0x00007ffe022d0000 - 0x00007ffe023fc000 	C:\WINDOWS\SYSTEM32\DNSAPI.dll
0x00007ffdfd700000 - 0x00007ffdfd70b000 	C:\Windows\System32\rasadhlp.dll
0x00007ffdfdc00000 - 0x00007ffdfdc86000 	C:\WINDOWS\System32\fwpuclnt.dll
0x00007ffdf1eb0000 - 0x00007ffdf1eb9000 	D:\IntelliJ IDEA 2025.2\jbr\bin\management.dll
0x00007ffdf1ea0000 - 0x00007ffdf1eab000 	D:\IntelliJ IDEA 2025.2\jbr\bin\management_ext.dll
0x00007ffe04f90000 - 0x00007ffe04f98000 	C:\WINDOWS\System32\PSAPI.DLL
0x00007ffdf2130000 - 0x00007ffdf213e000 	D:\IntelliJ IDEA 2025.2\jbr\bin\sunmscapi.dll
0x00007ffe03d90000 - 0x00007ffe03f07000 	C:\WINDOWS\System32\CRYPT32.dll
0x00007ffe03350000 - 0x00007ffe03380000 	C:\WINDOWS\SYSTEM32\ncrypt.dll
0x00007ffe03300000 - 0x00007ffe0333f000 	C:\WINDOWS\SYSTEM32\NTASN1.dll

JVMTI agents: none

dbghelp: loaded successfully - version: 4.0.5 - missing functions: none
symbol engine: initialized successfully - sym options: 0x614 - pdb path: .;D:\IntelliJ IDEA 2025.2\jbr\bin;C:\WINDOWS\SYSTEM32;C:\WINDOWS\WinSxS\amd64_microsoft.windows.common-controls_6595b64144ccf1df_6.0.26100.7309_none_3e05feeae336a044;D:\IntelliJ IDEA 2025.2\jbr\bin\server

VM Arguments:
jvm_args: -Djava.rmi.server.hostname=127.0.0.1 -Duser.timezone=UTC -Xmx2048m -Xms128m -Djdbc.classpath=C:\Users\Admin\AppData\Local\Temp\RemoteDriver.classpath.txt --add-exports=java.desktop/sun.awt=ALL-UNNAMED --add-exports=java.desktop/java.awt.peer=ALL-UNNAMED --add-opens=java.desktop/java.awt=ALL-UNNAMED --add-opens=jdk.unsupported/sun.misc=ALL-UNNAMED --add-opens=java.base/java.nio=ALL-UNNAMED --add-opens=java.base/java.util=ALL-UNNAMED -Dfile.encoding=UTF-8 -Dsun.stdout.encoding=UTF-8 -Dsun.stderr.encoding=UTF-8 
java_command: com.intellij.database.remote.RemoteJdbcServer org.postgresql.Driver
java_class_path (initial): D:\IntelliJ IDEA 2025.2\lib\util_rt.jar;D:\IntelliJ IDEA 2025.2\lib\util-8.jar;D:\IntelliJ IDEA 2025.2\lib\groovy.jar;D:\IntelliJ IDEA 2025.2\plugins\DatabaseTools\lib\jdbc-console.jar;D:\IntelliJ IDEA 2025.2\lib\modules\intellij.grid.types.jar;D:\IntelliJ IDEA 2025.2\lib\util.jar;D:\IntelliJ IDEA 2025.2\lib\bouncy-castle.jar
Launcher Type: SUN_STANDARD

[Global flags]
     intx CICompilerCount                          = 4                                         {product} {ergonomic}
     uint ConcGCThreads                            = 3                                         {product} {ergonomic}
     uint G1ConcRefinementThreads                  = 10                                        {product} {ergonomic}
   size_t G1HeapRegionSize                         = 1048576                                   {product} {ergonomic}
    uintx GCDrainStackTargetSize                   = 64                                        {product} {ergonomic}
   size_t InitialHeapSize                          = 134217728                                 {product} {command line}
   size_t MarkStackSize                            = 4194304                                   {product} {ergonomic}
   size_t MaxHeapSize                              = 2147483648                                {product} {command line}
   size_t MaxNewSize                               = 1287651328                                {product} {ergonomic}
   size_t MinHeapDeltaBytes                        = 1048576                                   {product} {ergonomic}
   size_t MinHeapSize                              = 134217728                                 {product} {command line}
    uintx NonNMethodCodeHeapSize                   = 5839372                                {pd product} {ergonomic}
    uintx NonProfiledCodeHeapSize                  = 122909434                              {pd product} {ergonomic}
    uintx ProfiledCodeHeapSize                     = 122909434                              {pd product} {ergonomic}
    uintx ReservedCodeCacheSize                    = 251658240                              {pd product} {ergonomic}
     bool SegmentedCodeCache                       = true                                      {product} {ergonomic}
   size_t SoftMaxHeapSize                          = 2147483648                             {manageable} {ergonomic}
     bool UseCompressedOops                        = true                           {product lp64_product} {ergonomic}
     bool UseG1GC                                  = true                                      {product} {ergonomic}
     bool UseLargePagesIndividualAllocation        = false                                  {pd product} {ergonomic}

Logging:
Log output configuration:
 #0: stdout all=warning uptime,level,tags foldmultilines=false
 #1: stderr all=off uptime,level,tags foldmultilines=false

Environment Variables:
JAVA_HOME=C:\Users\Admin\.jdks\corretto-1.8.0_452
PATH=C:\Windows\system32;C:\Windows;C:\Windows\System32\Wbem;C:\Windows\System32\WindowsPowerShell\v1.0\;C:\Windows\System32\OpenSSH\;C:\Program Files (x86)\NVIDIA Corporation\PhysX\Common;C:\Program Files\dotnet\;C:\WINDOWS\system32;C:\WINDOWS;C:\WINDOWS\System32\Wbem;C:\WINDOWS\System32\WindowsPowerShell\v1.0\;C:\WINDOWS\System32\OpenSSH\;C:\TDM-GCC-64\bin;D:\nodejs\;C:\composer;C:\Program Files\Git\cmd;E:\curl-8.10.1_1-win64-mingw\curl-8.10.1_1-win64-mingw\bin;E:\Internship-Project\SDLLib\DynamicLib;C:\Program Files (x86)\Microsoft SQL Server\160\Tools\Binn\;C:\Program Files\Microsoft SQL Server\160\Tools\Binn\;C:\Program Files\Microsoft SQL Server\Client SDK\ODBC\170\Tools\Binn\;C:\Program Files\Microsoft SQL Server\160\DTS\Binn\;C:\Program Files\apache-maven-3.9.9\bin;C:\Users\Admin\.jdks\openjdk-22.0.2\bin;e:\cursor\resources\app\bin;C:\WINDOWS\system32;C:\WINDOWS;C:\WINDOWS\System32\Wbem;C:\WINDOWS\System32\WindowsPowerShell\v1.0\;C:\WINDOWS\System32\OpenSSH\;C:\Program Files\Cloudflare\Cloudflare WARP\;D:\Docker\resources\bin;C:\Program Files\PowerShell\7\;C:\Program Files\NVIDIA Corporation\NVIDIA App\NvDLISR;C:\Users\Admin\scoop\shims;C:\Users\Admin\AppData\Local\Microsoft\WindowsApps;C:\mingw64\bin;C:\Users\Admin\.dotnet\tools;D:\hadoop-3.4.1\bin;D:\hadoop-3.4.1\sbin;C:\Users\Admin\.jdks\corretto-1.8.0_452\bin;C:\Program Files\JetBrains\IntelliJ IDEA 2023.2.2\bin;C:\Users\Admin\AppData\Local\JetBrains\Toolbox\scripts;C:\Users\Admin\AppData\Roaming\Composer\vendor\bin;C:\Users\Admin\AppData\Local\Microsoft\WinGet\Packages\Schniz.fnm_Microsoft.Winget.Source_8wekyb3d8bbwe;C:\Users\Admin\.dotnet\tools;C:\Users\Admin\AppData\Local\Microsoft\WindowsApps;C:\Program Files\Java\javafx-sdk-21.0.1\bin;C:\Users\Admin\AppData\Roaming\npm;E:\cursor\resources\app\bin;D:\nodejs;E:\IntelliJ IDEA 2025.2\bin;E:\DataGrip 2025.2\bin;
USERNAME=Admin
OS=Windows_NT
PROCESSOR_IDENTIFIER=Intel64 Family 6 Model 154 Stepping 3, GenuineIntel
TMP=C:\Users\Admin\AppData\Local\Temp
TEMP=C:\Users\Admin\AppData\Local\Temp




Periodic native trim disabled

JNI global refs:
JNI global refs: 17, weak refs: 0

JNI global refs memory usage: 835, weak refs: 201

Process memory usage:
Resident Set Size: 111896K (0% of 16389052K total physical memory with 1740976K free physical memory)

OOME stack traces (most recent first):
Classloader memory used:
Loader bootstrap                                                                       : 3666K
Loader jdk.internal.loader.ClassLoaders$AppClassLoader                                 : 3075K
Loader com.intellij.database.remote.jdbc.impl.JdbcClassLoader$JdbcClassLoaderImpl      : 1754K
Loader jdk.internal.loader.ClassLoaders$PlatformClassLoader                            : 419K
Loader jdk.internal.reflect.DelegatingClassLoader                                      : 128K

---------------  S Y S T E M  ---------------

OS:
 Windows 11 , 64 bit Build 26100 (10.0.26100.7623)
OS uptime: 0 days 2:32 hours
Hyper-V role detected

CPU: total 12 (initial active 12) (6 cores per cpu, 2 threads per core) family 6 model 154 stepping 3 microcode 0x429, cx8, cmov, fxsr, ht, mmx, 3dnowpref, sse, sse2, sse3, ssse3, sse4.1, sse4.2, popcnt, lzcnt, tsc, tscinvbit, avx, avx2, aes, erms, clmul, bmi1, bmi2, adx, sha, fma, vzeroupper, clflush, clflushopt, clwb, hv, serialize, rdtscp, rdpid, fsrm, f16c, cet_ibt, cet_ss
Processor Information for the first 12 processors :
  Max Mhz: 2000, Current Mhz: 2000, Mhz Limit: 2000

Memory: 4k page, system-wide physical 16004M (1700M free)
TotalPageFile size 26921M (AvailPageFile size 1M)
current process WorkingSet (physical memory assigned to process): 109M, peak: 151M
current process commit charge ("private bytes"): 247M, peak: 292M

vm_info: OpenJDK 64-Bit Server VM (21.0.8+1-b1038.68) for windows-amd64 JRE (21.0.8+1-b1038.68), built on 2025-07-24 by "builduser" with MS VC++ 16.10 / 16.11 (VS2019)

END.
